// Jest Snapshot v1, https://goo.gl/fbAQLP

exports[`TagItem should display delete button 1`] = `
<DocumentFragment>
  .emotion-0 {
  max-height: 40px;
  padding: 5px 16px;
  background-color: #f5f5f5;
  border-radius: 100vh;
  display: -webkit-box;
  display: -webkit-flex;
  display: -ms-flexbox;
  display: flex;
  -webkit-align-items: center;
  -webkit-box-align: center;
  -ms-flex-align: center;
  align-items: center;
  -webkit-box-pack: center;
  -ms-flex-pack: center;
  -webkit-justify-content: center;
  justify-content: center;
  cursor: default;
  margin: 0px 5px;
  margin-bottom: 10px;
}

.emotion-1 {
  margin: 0;
  font-family: "Roboto","Helvetica","Arial",sans-serif;
  font-weight: 400;
  font-size: 1rem;
  line-height: 1.5;
  letter-spacing: 0.00938em;
  font-size: 14px;
  line-height: 14px;
}

.emotion-2 {
  display: -webkit-box;
  display: -webkit-flex;
  display: -ms-flexbox;
  display: flex;
}

.emotion-3 {
  -webkit-user-select: none;
  -moz-user-select: none;
  -ms-user-select: none;
  user-select: none;
  width: 1em;
  height: 1em;
  display: inline-block;
  fill: currentColor;
  -webkit-flex-shrink: 0;
  -ms-flex-negative: 0;
  flex-shrink: 0;
  -webkit-transition: fill 200ms cubic-bezier(0.4, 0, 0.2, 1) 0ms;
  transition: fill 200ms cubic-bezier(0.4, 0, 0.2, 1) 0ms;
  font-size: 1.5rem;
  font-size: 20px;
  color: rgba(0, 0, 0, 0.6);
  margin-left: 5px;
  cursor: pointer;
}

.emotion-3:hover {
  color: #595959;
}

<div
    class="MuiBox-root emotion-0"
  >
    <p
      class="MuiTypography-root MuiTypography-body1 emotion-1"
    >
      Title
    </p>
    <div
      class="MuiBox-root emotion-2"
    >
      <svg
        aria-hidden="true"
        class="MuiSvgIcon-root MuiSvgIcon-fontSizeMedium emotion-3"
        data-testid="CancelIcon"
        focusable="false"
        viewBox="0 0 24 24"
      >
        <path
          d="M12 2C6.47 2 2 6.47 2 12s4.47 10 10 10 10-4.47 10-10S17.53 2 12 2zm5 13.59L15.59 17 12 13.41 8.41 17 7 15.59 10.59 12 7 8.41 8.41 7 12 10.59 15.59 7 17 8.41 13.41 12 17 15.59z"
        />
      </svg>
    </div>
  </div>
</DocumentFragment>
`;

exports[`TagItem should display tag title 1`] = `[Function]`;
